{
  "ud0_od0_15_25": {
      "sync": {
          "deploy": {
              "T0": 1832.47,
              "T1": 2604.93
          },
          "update": {
              "T0": 1035.2,
              "T1": 1036.74
          }
      },
      "async": {
          "deploy": {
              "T0": 257.41,
              "T1": 267.04
          },
          "update": {
              "T0": 250.72,
              "T1": 259.88
          }
      }
  },
  "ud1_od0_15_25": {
      "sync": {
          "deploy": {
              "T0": 1832.52,
              "T1": 2604.83
          },
          "update": {
              "T0": 1036.73,
              "T1": 1036.81
          }
      },
      "async": {
          "deploy": {
              "T0": 645.38,
              "T1": 654.12
          },
          "update": {
              "T0": 831.84,
              "T1": 841.01
          }
      }
  },
  "ud2_od0_15_25": {
      "sync": {
          "deploy": {
              "T0": 1830.66,
              "T1": 2602.96
          },
          "update": {
              "T0": 1033.6,
              "T1": 1034.97
          }
      },
      "async": {
          "deploy": {
              "T0": 450.39,
              "T1": 459.12
          },
          "update": {
              "T0": 829.88,
              "T1": 828.44
          }
      }
  },
  "ud0_od1_15_25": {
      "sync": {
          "deploy": {
              "T0": 2550.53,
              "T1": 2550.35
          },
          "update": {
              "T0": 2174.51,
              "T1": 2177.73
          }
      },
      "async": {
          "deploy": {
              "T0": 239.94,
              "T1": 249.55
          },
          "update": {
              "T0": 233.18,
              "T1": 242.39
          }
      }
  },
  "ud0_od2_15_25": {
      "sync": {
          "deploy": {
              "T0": 1584.71,
              "T1": 1584.82
          },
          "update": {
              "T0": 1586.05,
              "T1": 1595.18
          }
      },
      "async": {
          "deploy": {
              "T0": 257.17,
              "T1": 249.62
          },
          "update": {
              "T0": 233.19,
              "T1": 242.39
          }
      }
  },
  "ud0_od0_7_25": {
      "sync": {
          "deploy": {
              "T0": 6090.51,
              "T1": 6441.27
          },
          "update": {
              "T0": 2623.03,
              "T1": 6100.69
          }
      },
      "async": {
          "deploy": {
              "T0": 274.5,
              "T1": 266.99
          },
          "update": {
              "T0": 250.72,
              "T1": 259.86
          }
      }
  },
  "ud0_od0_30_25": {
      "sync": {
          "deploy": {
              "T0": 656.48,
              "T1": 812.35
          },
          "update": {
              "T0": 269.64,
              "T1": 629.66
          }
      },
      "async": {
          "deploy": {
              "T0": 240.05,
              "T1": 248.74
          },
          "update": {
              "T0": 233.21,
              "T1": 242.34
          }
      }
  }
}
